[2025-12-11 20:21:23] 🚀 Iniciando monitor Sincronizado...
📍 Ubicación: 12
📅 Fecha: 12/12/2025
⏰ Sync Normal: 5s (00, 05, 10, 15, 20, 25, 30, 35, 40, 45, 50, 55)
🐢 Backoff Principal: 20s (:00, :20, :40)
🐢 Backoff Sub: 10s (00, 10, 20, 30, 40, 50) 
==================================================
[2025-12-11 20:21:43] ⚙️ AUTO-BOOKING DESACTIVADO - Hora mínima: 09:00 - ID Parties válidos: 1/1 - Cookies: 1
[2025-12-11 20:21:47] ⚙️ AUTO-BOOKING ACTIVADO - Hora mínima: 09:00 - ID Parties válidos: 1/1 - Cookies: 1
[2025-12-11 20:22:30] 🐢 429 PRINCIPAL - Sincronizando a los 20 segundos (:00, :20, :40)...
[2025-12-11 20:22:45] 🐢 429 PRINCIPAL - Sincronizando a los 20 segundos (:00, :20, :40)...
[2025-12-11 20:23:55] 🐢 429 PRINCIPAL - Sincronizando a los 20 segundos (:00, :20, :40)...
[2025-12-11 20:24:05] 🐢 429 PRINCIPAL - Sincronizando a los 20 segundos (:00, :20, :40)...
[2025-12-11 20:25:15] 🐢 429 PRINCIPAL - Sincronizando a los 20 segundos (:00, :20, :40)...
[2025-12-11 20:25:25] 🐢 429 PRINCIPAL - Sincronizando a los 20 segundos (:00, :20, :40)...
[2025-12-11 20:26:35] 🐢 429 PRINCIPAL - Sincronizando a los 20 segundos (:00, :20, :40)...
[2025-12-11 20:26:45] 🐢 429 PRINCIPAL - Sincronizando a los 20 segundos (:00, :20, :40)...
[2025-12-11 20:27:55] 🐢 429 PRINCIPAL - Sincronizando a los 20 segundos (:00, :20, :40)...
[2025-12-11 20:28:05] 🐢 429 PRINCIPAL - Sincronizando a los 20 segundos (:00, :20, :40)...
[2025-12-11 20:29:15] 🐢 429 PRINCIPAL - Sincronizando a los 20 segundos (:00, :20, :40)...
[2025-12-11 20:29:25] 🐢 429 PRINCIPAL - Sincronizando a los 20 segundos (:00, :20, :40)...
[2025-12-11 20:30:35] 🐢 429 PRINCIPAL - Sincronizando a los 20 segundos (:00, :20, :40)...
[2025-12-11 20:30:45] 🐢 429 PRINCIPAL - Sincronizando a los 20 segundos (:00, :20, :40)...
[2025-12-11 20:31:55] 🐢 429 PRINCIPAL - Sincronizando a los 20 segundos (:00, :20, :40)...
[2025-12-11 20:32:05] 🐢 429 PRINCIPAL - Sincronizando a los 20 segundos (:00, :20, :40)...
[2025-12-11 20:33:15] 🐢 429 PRINCIPAL - Sincronizando a los 20 segundos (:00, :20, :40)...
[2025-12-11 20:33:25] 🐢 429 PRINCIPAL - Sincronizando a los 20 segundos (:00, :20, :40)...
[2025-12-11 20:34:35] 🐢 429 PRINCIPAL - Sincronizando a los 20 segundos (:00, :20, :40)...
[2025-12-11 20:34:45] 🐢 429 PRINCIPAL - Sincronizando a los 20 segundos (:00, :20, :40)...
[2025-12-11 20:35:55] 🐢 429 PRINCIPAL - Sincronizando a los 20 segundos (:00, :20, :40)...
[2025-12-11 20:36:05] 🐢 429 PRINCIPAL - Sincronizando a los 20 segundos (:00, :20, :40)...
[2025-12-11 20:37:15] 🐢 429 PRINCIPAL - Sincronizando a los 20 segundos (:00, :20, :40)...
[2025-12-11 20:37:25] 🐢 429 PRINCIPAL - Sincronizando a los 20 segundos (:00, :20, :40)...
[2025-12-11 20:38:35] 🐢 429 PRINCIPAL - Sincronizando a los 20 segundos (:00, :20, :40)...
[2025-12-11 20:38:45] 🐢 429 PRINCIPAL - Sincronizando a los 20 segundos (:00, :20, :40)...
[2025-12-11 20:39:55] 🐢 429 PRINCIPAL - Sincronizando a los 20 segundos (:00, :20, :40)...
[2025-12-11 20:40:05] 🐢 429 PRINCIPAL - Sincronizando a los 20 segundos (:00, :20, :40)...
[2025-12-11 20:41:15] 🐢 429 PRINCIPAL - Sincronizando a los 20 segundos (:00, :20, :40)...
[2025-12-11 20:41:25] 🐢 429 PRINCIPAL - Sincronizando a los 20 segundos (:00, :20, :40)...
[2025-12-11 20:42:35] 🐢 429 PRINCIPAL - Sincronizando a los 20 segundos (:00, :20, :40)...
[2025-12-11 20:42:45] 🐢 429 PRINCIPAL - Sincronizando a los 20 segundos (:00, :20, :40)...
[2025-12-11 20:43:55] 🐢 429 PRINCIPAL - Sincronizando a los 20 segundos (:00, :20, :40)...
[2025-12-11 20:44:05] 🐢 429 PRINCIPAL - Sincronizando a los 20 segundos (:00, :20, :40)...
[2025-12-11 20:45:15] 🐢 429 PRINCIPAL - Sincronizando a los 20 segundos (:00, :20, :40)...
[2025-12-11 20:45:25] 🐢 429 PRINCIPAL - Sincronizando a los 20 segundos (:00, :20, :40)...
[2025-12-11 20:46:35] 🐢 429 PRINCIPAL - Sincronizando a los 20 segundos (:00, :20, :40)...
[2025-12-11 20:47:35] 🐢 429 PRINCIPAL - Sincronizando a los 20 segundos (:00, :20, :40)...
[2025-12-11 20:47:45] 🐢 429 PRINCIPAL - Sincronizando a los 20 segundos (:00, :20, :40)...
[2025-12-11 20:48:55] 🐢 429 PRINCIPAL - Sincronizando a los 20 segundos (:00, :20, :40)...
[2025-12-11 20:49:05] 🐢 429 PRINCIPAL - Sincronizando a los 20 segundos (:00, :20, :40)...
[2025-12-11 20:50:15] 🐢 429 PRINCIPAL - Sincronizando a los 20 segundos (:00, :20, :40)...
[2025-12-11 20:50:25] 🐢 429 PRINCIPAL - Sincronizando a los 20 segundos (:00, :20, :40)...
[2025-12-11 20:51:35] 🐢 429 PRINCIPAL - Sincronizando a los 20 segundos (:00, :20, :40)...
[2025-12-11 20:51:45] 🐢 429 PRINCIPAL - Sincronizando a los 20 segundos (:00, :20, :40)...
[2025-12-11 20:52:55] 🐢 429 PRINCIPAL - Sincronizando a los 20 segundos (:00, :20, :40)...
[2025-12-11 20:53:06] 🐢 429 PRINCIPAL - Sincronizando a los 20 segundos (:00, :20, :40)...
[2025-12-11 20:54:15] 🐢 429 PRINCIPAL - Sincronizando a los 20 segundos (:00, :20, :40)...
[2025-12-11 20:54:25] 🐢 429 PRINCIPAL - Sincronizando a los 20 segundos (:00, :20, :40)...
[2025-12-11 20:55:36] 🐢 429 PRINCIPAL - Sincronizando a los 20 segundos (:00, :20, :40)...
[2025-12-11 20:55:45] 🐢 429 PRINCIPAL - Sincronizando a los 20 segundos (:00, :20, :40)...
[2025-12-11 20:56:55] 🐢 429 PRINCIPAL - Sincronizando a los 20 segundos (:00, :20, :40)...
[2025-12-11 20:57:05] 🐢 429 PRINCIPAL - Sincronizando a los 20 segundos (:00, :20, :40)...
[2025-12-11 20:57:55] 🐢 429 PRINCIPAL - Sincronizando a los 20 segundos (:00, :20, :40)...
[2025-12-11 20:58:05] 🐢 429 PRINCIPAL - Sincronizando a los 20 segundos (:00, :20, :40)...
[2025-12-11 20:59:15] 🐢 429 PRINCIPAL - Sincronizando a los 20 segundos (:00, :20, :40)...
[2025-12-11 20:59:25] 🐢 429 PRINCIPAL - Sincronizando a los 20 segundos (:00, :20, :40)...
[2025-12-11 20:59:35] Monitor detenido por el usuario
[2025-12-11 20:59:41] 🚀 Iniciando monitor Sincronizado...
📍 Ubicación: 12
📅 Fecha: 12/12/2025
⏰ Sync Normal: 7s (00, 07, 14, 21, 28, 35, 42, 49, 56)
🐢 Backoff Principal: 20s (:00, :20, :40)
🐢 Backoff Sub: 10s (00, 10, 20, 30, 40, 50)
==================================================
[2025-12-11 20:59:49] ⚙️ AUTO-BOOKING DESACTIVADO - Hora mínima: 09:00 - ID Parties válidos: 1/1 - Cookies: 0
[2025-12-11 21:00:04] ⚙️ AUTO-BOOKING DESACTIVADO - Hora mínima: 09:00 - ID Parties válidos: 1/1 - Cookies: 1
[2025-12-11 21:00:06] ⚙️ AUTO-BOOKING ACTIVADO - Hora mínima: 09:00 - ID Parties válidos: 1/1 - Cookies: 1
[2025-12-11 21:01:07] 🐢 429 PRINCIPAL - Sincronizando a los 20 segundos (:00, :20, :40)...
[2025-12-11 21:01:08] Monitor detenido por el usuario
[2025-12-11 21:03:33] 🚀 Iniciando monitor Sincronizado...
📍 Ubicación: 12
📅 Fecha: 12/12/2025
⏰ Sync Normal: 7s (00, 07, 14, 21, 28, 35, 42, 49, 56)
🐢 Backoff Principal: 20s (:00, :20, :40)
🐢 Backoff Sub: 10s (00, 10, 20, 30, 40, 50)
==================================================
[2025-12-11 21:04:46] Monitor detenido por el usuario
[2025-12-11 21:04:49] 🚀 Iniciando monitor Sincronizado...
📍 Ubicación: 12
📅 Fecha: 12/12/2025
⏰ Sync Normal: 8s (00, 08, 16, 24, 32, 40, 48, 56)
🐢 Backoff Principal: 20s (:00, :20, :40)
🐢 Backoff Sub: 10s (00, 10, 20, 30, 40, 50)
==================================================
[2025-12-11 21:05:03] ⚙️ AUTO-BOOKING ACTIVADO - Hora mínima: 09:00 - ID Parties válidos: 1/1 - Cookies: 1
[2025-12-11 21:05:24] 🐢 429 PRINCIPAL - Sincronizando a los 20 segundos (:00, :20, :40)...
[2025-12-11 21:06:08] 🐢 429 PRINCIPAL - Sincronizando a los 20 segundos (:00, :20, :40)...
[2025-12-11 21:06:24] 🐢 429 PRINCIPAL - Sincronizando a los 20 segundos (:00, :20, :40)...
[2025-12-11 21:06:58] Monitor detenido por el usuario
